/tmp/tennisdata/atp_2022.xlsx: FEHLGESCHLAGEN (letzter Code 503); Antwort-Anfang:
<html>
<head>
<title>The page is temporarily unavailable</title>
<style>
body { font-family: Tahoma, Verdana, Arial, sans-serif; }
</style>
</head>
<body bgcolor="white" text="black">
<table width="100%" height="100%">
<tr>
<td align="center" valign="middle">
The page you are looking for is temporar
/tmp/tennisdata/wta_2022.xlsx: FEHLGESCHLAGEN (letzter Code 503); Antwort-Anfang:
<html>
<head>
<title>The page is temporarily unavailable</title>
<style>
body { font-family: Tahoma, Verdana, Arial, sans-serif; }
</style>
</head>
<body bgcolor="white" text="black">
<table width="100%" height="100%">
<tr>
<td align="center" valign="middle">
The page you are looking for is temporar
/tmp/tennisdata/atp_2023.xlsx: FEHLGESCHLAGEN (letzter Code 503); Antwort-Anfang:
<html>
<head>
<title>The page is temporarily unavailable</title>
<style>
body { font-family: Tahoma, Verdana, Arial, sans-serif; }
</style>
</head>
<body bgcolor="white" text="black">
<table width="100%" height="100%">
<tr>
<td align="center" valign="middle">
The page you are looking for is temporar
/tmp/tennisdata/wta_2023.xlsx: FEHLGESCHLAGEN (letzter Code 503); Antwort-Anfang:
<html>
<head>
<title>The page is temporarily unavailable</title>
<style>
body { font-family: Tahoma, Verdana, Arial, sans-serif; }
</style>
</head>
<body bgcolor="white" text="black">
<table width="100%" height="100%">
<tr>
<td align="center" valign="middle">
The page you are looking for is temporar
/tmp/tennisdata/atp_2024.xlsx: FEHLGESCHLAGEN (letzter Code 503); Antwort-Anfang:
<html>
<head>
<title>The page is temporarily unavailable</title>
<style>
body { font-family: Tahoma, Verdana, Arial, sans-serif; }
</style>
</head>
<body bgcolor="white" text="black">
<table width="100%" height="100%">
<tr>
<td align="center" valign="middle">
The page you are looking for is temporar
/tmp/tennisdata/wta_2024.xlsx: FEHLGESCHLAGEN (letzter Code 503); Antwort-Anfang:
<html>
<head>
<title>The page is temporarily unavailable</title>
<style>
body { font-family: Tahoma, Verdana, Arial, sans-serif; }
</style>
</head>
<body bgcolor="white" text="black">
<table width="100%" height="100%">
<tr>
<td align="center" valign="middle">
The page you are looking for is temporar
/tmp/tennisdata/atp_2025.xlsx: FEHLGESCHLAGEN (letzter Code 503); Antwort-Anfang:
<html>
<head>
<title>The page is temporarily unavailable</title>
<style>
body { font-family: Tahoma, Verdana, Arial, sans-serif; }
</style>
</head>
<body bgcolor="white" text="black">
<table width="100%" height="100%">
<tr>
<td align="center" valign="middle">
The page you are looking for is temporar
/tmp/tennisdata/wta_2025.xlsx: FEHLGESCHLAGEN (letzter Code 503); Antwort-Anfang:
<html>
<head>
<title>The page is temporarily unavailable</title>
<style>
body { font-family: Tahoma, Verdana, Arial, sans-serif; }
</style>
</head>
<body bgcolor="white" text="black">
<table width="100%" height="100%">
<tr>
<td align="center" valign="middle">
The page you are looking for is temporar
/tmp/tennisdata/atp_2026.xlsx: FEHLGESCHLAGEN (letzter Code 503); Antwort-Anfang:
<html>
<head>
<title>The page is temporarily unavailable</title>
<style>
body { font-family: Tahoma, Verdana, Arial, sans-serif; }
</style>
</head>
<body bgcolor="white" text="black">
<table width="100%" height="100%">
<tr>
<td align="center" valign="middle">
The page you are looking for is temporar
/tmp/tennisdata/wta_2026.xlsx: FEHLGESCHLAGEN (letzter Code 503); Antwort-Anfang:
<html>
<head>
<title>The page is temporarily unavailable</title>
<style>
body { font-family: Tahoma, Verdana, Arial, sans-serif; }
</style>
</head>
<body bgcolor="white" text="black">
<table width="100%" height="100%">
<tr>
<td align="center" valign="middle">
The page you are looking for is temporar
total 8
drwxr-xr-x  2 runner runner 4096 Sep 15 00:13 .
drwxrwxrwt 14 root   root   4096 Sep 15 00:12 ..
  WARN: https://sports.core.api.espn.com/v2/sports/soccer/leagues/uefa.europa/seasons/2026/types/1/leaders nicht erreichbar (HTTP Error 404: Not Found)
  WARN: https://sports.core.api.espn.com/v2/sports/soccer/leagues/uefa.europa/seasons/2026/types/2/leaders nicht erreichbar (HTTP Error 404: Not Found)
  WARN: https://site.api.espn.com/apis/site/v2/sports/soccer/bel.2/scoreboard?dates=20250701-20250928&limit=1000 nicht erreichbar (HTTP Error 400: Bad Request)
  WARN: https://site.api.espn.com/apis/site/v2/sports/soccer/bel.2/scoreboard?dates=20250929-20251227&limit=1000 nicht erreichbar (HTTP Error 400: Bad Request)
  WARN: https://site.api.espn.com/apis/site/v2/sports/soccer/bel.2/scoreboard?dates=20251228-20260327&limit=1000 nicht erreichbar (HTTP Error 400: Bad Request)
  WARN: https://site.api.espn.com/apis/site/v2/sports/soccer/bel.2/scoreboard?dates=20260328-20260625&limit=1000 nicht erreichbar (HTTP Error 400: Bad Request)
  WARN: https://site.api.espn.com/apis/site/v2/sports/soccer/bel.2/scoreboard?dates=20260626-20260915&limit=1000 nicht erreichbar (HTTP Error 400: Bad Request)
  WARN: https://site.api.espn.com/apis/site/v2/sports/soccer/bel.2/scoreboard?dates=20260915 nicht erreichbar (HTTP Error 400: Bad Request)
  WARN: https://site.api.espn.com/apis/site/v2/sports/soccer/bel.2/scoreboard?dates=20260916 nicht erreichbar (HTTP Error 400: Bad Request)
  WARN: https://site.api.espn.com/apis/site/v2/sports/soccer/bel.2/scoreboard?dates=20260917 nicht erreichbar (HTTP Error 400: Bad Request)
  WARN: https://site.api.espn.com/apis/site/v2/sports/soccer/bel.2/scoreboard?dates=20260915-20270113&limit=50 nicht erreichbar (HTTP Error 400: Bad Request)
  WARN: https://sports.core.api.espn.com/v2/sports/soccer/leagues/sui.1/seasons/2026/types/1/leaders nicht erreichbar (HTTP Error 404: Not Found)
  WARN: https://sports.core.api.espn.com/v2/sports/soccer/leagues/sui.1/seasons/2026/types/2/leaders nicht erreichbar (HTTP Error 404: Not Found)
  WARN: https://www.tennis-data.co.uk/2022/2022.xlsx nicht erreichbar (binaer)
  WARN: https://www.tennis-data.co.uk/2023/2023.xlsx nicht erreichbar (binaer)
  WARN: https://www.tennis-data.co.uk/2024/2024.xlsx nicht erreichbar (binaer)
  WARN: https://www.tennis-data.co.uk/2025/2025.xlsx nicht erreichbar (binaer)
  WARN: https://www.tennis-data.co.uk/2026/2026.xlsx nicht erreichbar (binaer)
  WARN: https://www.tennis-data.co.uk/2022w/2022.xlsx nicht erreichbar (binaer)
  WARN: https://www.tennis-data.co.uk/2023w/2023.xlsx nicht erreichbar (binaer)
  WARN: https://www.tennis-data.co.uk/2024w/2024.xlsx nicht erreichbar (binaer)
  WARN: https://www.tennis-data.co.uk/2025w/2025.xlsx nicht erreichbar (binaer)
  WARN: https://www.tennis-data.co.uk/2026w/2026.xlsx nicht erreichbar (binaer)
fixtures.csv: 190 Spiele mit Quoten
== WM ==
  104 Ergebnisse geladen
  0 Spiele in den naechsten 3 Tagen
== EM ==
  0 Ergebnisse geladen
  0 Spiele in den naechsten 3 Tagen
== Champions League ==
  207 Ergebnisse geladen
  0 Spiele in den naechsten 3 Tagen
== Europa League ==
  189 Ergebnisse geladen
  19 Spiele in den naechsten 3 Tagen
  13 Prognosen via Team-Historie-Fallback erstellt
== Conference League ==
  153 Ergebnisse geladen
  0 Spiele in den naechsten 3 Tagen
== 1. Bundesliga ==
  333 Ergebnisse geladen
  0 Spiele in den naechsten 3 Tagen
== 2. Bundesliga ==
  351 Ergebnisse geladen
  0 Spiele in den naechsten 3 Tagen
== 3. Liga ==
  430 Ergebnisse geladen
  10 Spiele in den naechsten 3 Tagen
== Premier League ==
  420 Ergebnisse geladen
  0 Spiele in den naechsten 3 Tagen
== Serie A ==
  420 Ergebnisse geladen
  0 Spiele in den naechsten 3 Tagen
== La Liga ==
  431 Ergebnisse geladen
  9 Spiele in den naechsten 3 Tagen
== La Liga 2 ==
  517 Ergebnisse geladen
  0 Spiele in den naechsten 3 Tagen
== Ligue 1 ==
  342 Ergebnisse geladen
  0 Spiele in den naechsten 3 Tagen
== Ligue 2 ==
  359 Ergebnisse geladen
  0 Spiele in den naechsten 3 Tagen
== Eredivisie ==
  359 Ergebnisse geladen
  1 Spiele in den naechsten 3 Tagen
== Eerste Divisie ==
  444 Ergebnisse geladen
  0 Spiele in den naechsten 3 Tagen
== Pro League (Belgien) ==
  365 Ergebnisse geladen
  0 Spiele in den naechsten 3 Tagen
== Challenger Pro League (Belgien) ==
  0 Ergebnisse geladen
  0 Spiele in den naechsten 3 Tagen
== Primeira Liga (Portugal) ==
  359 Ergebnisse geladen
  0 Spiele in den naechsten 3 Tagen
== Süper Lig (Türkei) ==
  351 Ergebnisse geladen
  0 Spiele in den naechsten 3 Tagen
== Bundesliga (Österreich) ==
  231 Ergebnisse geladen
  0 Spiele in den naechsten 3 Tagen
== Super League (Schweiz) ==
  42 Ergebnisse geladen
  3 Spiele in den naechsten 3 Tagen
== Premiership (Schottland) ==
  261 Ergebnisse geladen
  3 Spiele in den naechsten 3 Tagen
  1 Prognosen via Team-Historie-Fallback erstellt
== MLS (USA) ==
  623 Ergebnisse geladen
  0 Spiele in den naechsten 3 Tagen
== Série A (Brasilien) ==
  529 Ergebnisse geladen
  1 Spiele in den naechsten 3 Tagen
== Eliteserien (Norwegen) ==
  306 Ergebnisse geladen
  0 Spiele in den naechsten 3 Tagen
== Allsvenskan (Schweden) ==
  301 Ergebnisse geladen
  1 Spiele in den naechsten 3 Tagen
== Superliga (Dänemark) ==
  241 Ergebnisse geladen
  0 Spiele in den naechsten 3 Tagen
== Premier Division (Irland) ==
  66 Ergebnisse geladen
  0 Spiele in den naechsten 3 Tagen
  Kicker-News: 39 Schlagzeilen geladen
== Tennis ==
  Rankings: ATP 150, WTA 150
  Tiefe Rankings (MatchStat): ATP 896, WTA 892
  Historie: ATP 0 Matches, WTA 0 Matches
  Elo ATP: 0 Spieler bewertet
  Elo WTA: 0 Spieler bewertet
  Belag-Zuordnung (MatchStat): 26 Turniere
  Tennis-Quoten zugeordnet: 5
  85 Tennis-Matches in den naechsten 3 Tagen
  0 Tennis-Matches heute bereits beendet
  Tipp-Log: 2927 Eintraege, 1897 ausgewertet, 1110 richtig
  Premium-Abrufe: Tennis 8, Fussball 166 (Tennis AKTIV, Fussball AKTIV)
OK -> /home/runner/work/blsports.github.io/blsports.github.io/scripts/../data/data.json
